test	Set up job	﻿2026-03-13T15:35:13.6179039Z Current runner version: '2.332.0'
test	Set up job	2026-03-13T15:35:13.6215723Z ##[group]Runner Image Provisioner
test	Set up job	2026-03-13T15:35:13.6217030Z Hosted Compute Agent
test	Set up job	2026-03-13T15:35:13.6218206Z Version: 20260213.493
test	Set up job	2026-03-13T15:35:13.6219252Z Commit: 5c115507f6dd24b8de37d8bbe0bb4509d0cc0fa3
test	Set up job	2026-03-13T15:35:13.6220638Z Build Date: 2026-02-13T00:28:41Z
test	Set up job	2026-03-13T15:35:13.6222073Z Worker ID: {928a42bb-71b3-4174-8860-f7f345a551e8}
test	Set up job	2026-03-13T15:35:13.6223413Z Azure Region: northcentralus
test	Set up job	2026-03-13T15:35:13.6224372Z ##[endgroup]
test	Set up job	2026-03-13T15:35:13.6226757Z ##[group]Operating System
test	Set up job	2026-03-13T15:35:13.6227744Z Ubuntu
test	Set up job	2026-03-13T15:35:13.6228576Z 24.04.3
test	Set up job	2026-03-13T15:35:13.6229575Z LTS
test	Set up job	2026-03-13T15:35:13.6230506Z ##[endgroup]
test	Set up job	2026-03-13T15:35:13.6231599Z ##[group]Runner Image
test	Set up job	2026-03-13T15:35:13.6232724Z Image: ubuntu-24.04
test	Set up job	2026-03-13T15:35:13.6233628Z Version: 20260302.42.1
test	Set up job	2026-03-13T15:35:13.6235322Z Included Software: https://github.com/actions/runner-images/blob/ubuntu24/20260302.42/images/ubuntu/Ubuntu2404-Readme.md
test	Set up job	2026-03-13T15:35:13.6238523Z Image Release: https://github.com/actions/runner-images/releases/tag/ubuntu24%2F20260302.42
test	Set up job	2026-03-13T15:35:13.6240189Z ##[endgroup]
test	Set up job	2026-03-13T15:35:13.6242599Z ##[group]GITHUB_TOKEN Permissions
test	Set up job	2026-03-13T15:35:13.6245589Z Contents: read
test	Set up job	2026-03-13T15:35:13.6246546Z Metadata: read
test	Set up job	2026-03-13T15:35:13.6247611Z Packages: read
test	Set up job	2026-03-13T15:35:13.6248480Z ##[endgroup]
test	Set up job	2026-03-13T15:35:13.6251683Z Secret source: Actions
test	Set up job	2026-03-13T15:35:13.6253207Z Prepare workflow directory
test	Set up job	2026-03-13T15:35:13.6794409Z Prepare all required actions
test	Set up job	2026-03-13T15:35:13.6849885Z Getting action download info
test	Set up job	2026-03-13T15:35:14.0652077Z Download action repository 'actions/checkout@v4' (SHA:34e114876b0b11c390a56381ad16ebd13914f8d5)
test	Set up job	2026-03-13T15:35:14.7689475Z Download action repository 'pnpm/action-setup@v4' (SHA:fc06bc1257f339d1d5d8b3a19a8cae5388b55320)
test	Set up job	2026-03-13T15:35:15.1713913Z Download action repository 'actions/setup-node@v4' (SHA:49933ea5288caeca8642d1e84afbd3f7d6820020)
test	Set up job	2026-03-13T15:35:15.4600701Z Complete job name: test
test	Initialize containers	﻿2026-03-13T15:35:15.5198194Z ##[group]Checking docker version
test	Initialize containers	2026-03-13T15:35:15.5212266Z ##[command]/usr/bin/docker version --format '{{.Server.APIVersion}}'
test	Initialize containers	2026-03-13T15:35:17.0270859Z '1.48'
test	Initialize containers	2026-03-13T15:35:17.0286458Z Docker daemon API version: '1.48'
test	Initialize containers	2026-03-13T15:35:17.0287024Z ##[command]/usr/bin/docker version --format '{{.Client.APIVersion}}'
test	Initialize containers	2026-03-13T15:35:17.0513428Z '1.48'
test	Initialize containers	2026-03-13T15:35:17.0527644Z Docker client API version: '1.48'
test	Initialize containers	2026-03-13T15:35:17.0535434Z ##[endgroup]
test	Initialize containers	2026-03-13T15:35:17.0539180Z ##[group]Clean up resources from previous jobs
test	Initialize containers	2026-03-13T15:35:17.0546109Z ##[command]/usr/bin/docker ps --all --quiet --no-trunc --filter "label=9d3d65"
test	Initialize containers	2026-03-13T15:35:17.0692366Z ##[command]/usr/bin/docker network prune --force --filter "label=9d3d65"
test	Initialize containers	2026-03-13T15:35:17.0835358Z ##[endgroup]
test	Initialize containers	2026-03-13T15:35:17.0835923Z ##[group]Create local container network
test	Initialize containers	2026-03-13T15:35:17.0846115Z ##[command]/usr/bin/docker network create --label 9d3d65 github_network_bf0af984064b44dcab1d66e3e3c0c1cc
test	Initialize containers	2026-03-13T15:35:17.1459138Z aaf05ee0f3100c9398a3e5363801707751f333f5d8708be350810570c5e05dc6
test	Initialize containers	2026-03-13T15:35:17.1478285Z ##[endgroup]
test	Initialize containers	2026-03-13T15:35:17.1503297Z ##[group]Starting postgres service container
test	Initialize containers	2026-03-13T15:35:17.1523520Z ##[command]/usr/bin/docker pull postgres:15
test	Initialize containers	2026-03-13T15:35:17.6303336Z 15: Pulling from library/postgres
test	Initialize containers	2026-03-13T15:35:17.8028764Z 206356c42440: Pulling fs layer
test	Initialize containers	2026-03-13T15:35:17.8029417Z 0c725cebedaa: Pulling fs layer
test	Initialize containers	2026-03-13T15:35:17.8029902Z c2358c04556d: Pulling fs layer
test	Initialize containers	2026-03-13T15:35:17.8030309Z bae50de223a4: Pulling fs layer
test	Initialize containers	2026-03-13T15:35:17.8031133Z b6de334a9157: Pulling fs layer
test	Initialize containers	2026-03-13T15:35:17.8031831Z 67266521af9d: Pulling fs layer
test	Initialize containers	2026-03-13T15:35:17.8032242Z fd349cbbb730: Pulling fs layer
test	Initialize containers	2026-03-13T15:35:17.8032876Z b480546e671b: Pulling fs layer
test	Initialize containers	2026-03-13T15:35:17.8033504Z 8d9526eade8e: Pulling fs layer
test	Initialize containers	2026-03-13T15:35:17.8033925Z 2f8ddeccdf2d: Pulling fs layer
test	Initialize containers	2026-03-13T15:35:17.8034313Z f0c010f1448f: Pulling fs layer
test	Initialize containers	2026-03-13T15:35:17.8035232Z f080c6a4c94c: Pulling fs layer
test	Initialize containers	2026-03-13T15:35:17.8035673Z e01de8c32e6c: Pulling fs layer
test	Initialize containers	2026-03-13T15:35:17.8036066Z 2e180f475c84: Pulling fs layer
test	Initialize containers	2026-03-13T15:35:17.8036486Z bae50de223a4: Waiting
test	Initialize containers	2026-03-13T15:35:17.8036939Z b6de334a9157: Waiting
test	Initialize containers	2026-03-13T15:35:17.8037228Z 67266521af9d: Waiting
test	Initialize containers	2026-03-13T15:35:17.8037435Z fd349cbbb730: Waiting
test	Initialize containers	2026-03-13T15:35:17.8037649Z b480546e671b: Waiting
test	Initialize containers	2026-03-13T15:35:17.8037852Z 8d9526eade8e: Waiting
test	Initialize containers	2026-03-13T15:35:17.8038070Z 2f8ddeccdf2d: Waiting
test	Initialize containers	2026-03-13T15:35:17.8038281Z f0c010f1448f: Waiting
test	Initialize containers	2026-03-13T15:35:17.8038505Z f080c6a4c94c: Waiting
test	Initialize containers	2026-03-13T15:35:17.8038718Z e01de8c32e6c: Waiting
test	Initialize containers	2026-03-13T15:35:17.8993269Z 0c725cebedaa: Verifying Checksum
test	Initialize containers	2026-03-13T15:35:18.0122135Z 0c725cebedaa: Download complete
test	Initialize containers	2026-03-13T15:35:18.0123216Z c2358c04556d: Verifying Checksum
test	Initialize containers	2026-03-13T15:35:18.0123980Z c2358c04556d: Download complete
test	Initialize containers	2026-03-13T15:35:18.0396036Z bae50de223a4: Verifying Checksum
test	Initialize containers	2026-03-13T15:35:18.0397321Z bae50de223a4: Download complete
test	Initialize containers	2026-03-13T15:35:18.1542542Z 67266521af9d: Verifying Checksum
test	Initialize containers	2026-03-13T15:35:18.1543864Z 67266521af9d: Download complete
test	Initialize containers	2026-03-13T15:35:18.1816073Z b6de334a9157: Verifying Checksum
test	Initialize containers	2026-03-13T15:35:18.1817275Z b6de334a9157: Download complete
test	Initialize containers	2026-03-13T15:35:18.2582620Z fd349cbbb730: Verifying Checksum
test	Initialize containers	2026-03-13T15:35:18.2584993Z fd349cbbb730: Download complete
test	Initialize containers	2026-03-13T15:35:18.2764066Z 206356c42440: Verifying Checksum
test	Initialize containers	2026-03-13T15:35:18.2765335Z 206356c42440: Download complete
test	Initialize containers	2026-03-13T15:35:18.3063032Z b480546e671b: Verifying Checksum
test	Initialize containers	2026-03-13T15:35:18.3063602Z b480546e671b: Download complete
test	Initialize containers	2026-03-13T15:35:18.3737661Z 2f8ddeccdf2d: Verifying Checksum
test	Initialize containers	2026-03-13T15:35:18.3740902Z 2f8ddeccdf2d: Download complete
test	Initialize containers	2026-03-13T15:35:18.4073333Z f0c010f1448f: Verifying Checksum
test	Initialize containers	2026-03-13T15:35:18.4074545Z f0c010f1448f: Download complete
test	Initialize containers	2026-03-13T15:35:18.4959534Z f080c6a4c94c: Verifying Checksum
test	Initialize containers	2026-03-13T15:35:18.4962045Z f080c6a4c94c: Download complete
test	Initialize containers	2026-03-13T15:35:18.4985605Z e01de8c32e6c: Verifying Checksum
test	Initialize containers	2026-03-13T15:35:18.4987496Z e01de8c32e6c: Download complete
test	Initialize containers	2026-03-13T15:35:18.5986535Z 2e180f475c84: Verifying Checksum
test	Initialize containers	2026-03-13T15:35:18.5988192Z 2e180f475c84: Download complete
test	Initialize containers	2026-03-13T15:35:19.0635115Z 8d9526eade8e: Verifying Checksum
test	Initialize containers	2026-03-13T15:35:19.0635664Z 8d9526eade8e: Download complete
test	Initialize containers	2026-03-13T15:35:19.3847398Z 206356c42440: Pull complete
test	Initialize containers	2026-03-13T15:35:20.5344458Z 0c725cebedaa: Pull complete
test	Initialize containers	2026-03-13T15:35:20.7226986Z c2358c04556d: Pull complete
test	Initialize containers	2026-03-13T15:35:20.7735845Z bae50de223a4: Pull complete
test	Initialize containers	2026-03-13T15:35:21.1121662Z b6de334a9157: Pull complete
test	Initialize containers	2026-03-13T15:35:21.1986585Z 67266521af9d: Pull complete
test	Initialize containers	2026-03-13T15:35:21.2087635Z fd349cbbb730: Pull complete
test	Initialize containers	2026-03-13T15:35:21.2220334Z b480546e671b: Pull complete
test	Initialize containers	2026-03-13T15:35:24.3434022Z 8d9526eade8e: Pull complete
test	Initialize containers	2026-03-13T15:35:24.3592718Z 2f8ddeccdf2d: Pull complete
test	Initialize containers	2026-03-13T15:35:24.3732153Z f0c010f1448f: Pull complete
test	Initialize containers	2026-03-13T15:35:24.3858847Z f080c6a4c94c: Pull complete
test	Initialize containers	2026-03-13T15:35:24.4007173Z e01de8c32e6c: Pull complete
test	Initialize containers	2026-03-13T15:35:24.4128557Z 2e180f475c84: Pull complete
test	Initialize containers	2026-03-13T15:35:24.4175176Z Digest: sha256:f30e3de0ac9cc938dac627ef2231099867c694b5f949fadb924c8c977428c399
test	Initialize containers	2026-03-13T15:35:24.4192110Z Status: Downloaded newer image for postgres:15
test	Initialize containers	2026-03-13T15:35:24.4201556Z docker.io/library/postgres:15
test	Initialize containers	2026-03-13T15:35:24.4266358Z ##[command]/usr/bin/docker create --name f69fafca947642e4968c15a91aa6abe6_postgres15_9facd2 --label 9d3d65 --network github_network_bf0af984064b44dcab1d66e3e3c0c1cc --network-alias postgres -p 5432:5432 --health-cmd pg_isready --health-interval 10s --health-timeout 5s --health-retries 5 -e "POSTGRES_USER=postgres" -e "POSTGRES_PASSWORD=postgres" -e "POSTGRES_DB=specdrivr_test" -e GITHUB_ACTIONS=true -e CI=true postgres:15
test	Initialize containers	2026-03-13T15:35:24.4658168Z b105d1573bb199cb24e9fa177e88725e3873049a477115a77bfe9a4b8aafabe5
test	Initialize containers	2026-03-13T15:35:24.4684058Z ##[command]/usr/bin/docker start b105d1573bb199cb24e9fa177e88725e3873049a477115a77bfe9a4b8aafabe5
test	Initialize containers	2026-03-13T15:35:25.3439486Z b105d1573bb199cb24e9fa177e88725e3873049a477115a77bfe9a4b8aafabe5
test	Initialize containers	2026-03-13T15:35:25.3464975Z ##[command]/usr/bin/docker ps --all --filter id=b105d1573bb199cb24e9fa177e88725e3873049a477115a77bfe9a4b8aafabe5 --filter status=running --no-trunc --format "{{.ID}} {{.Status}}"
test	Initialize containers	2026-03-13T15:35:25.3641863Z b105d1573bb199cb24e9fa177e88725e3873049a477115a77bfe9a4b8aafabe5 Up Less than a second (health: starting)
test	Initialize containers	2026-03-13T15:35:25.3665975Z ##[command]/usr/bin/docker port b105d1573bb199cb24e9fa177e88725e3873049a477115a77bfe9a4b8aafabe5
test	Initialize containers	2026-03-13T15:35:25.3872038Z 5432/tcp -> 0.0.0.0:5432
test	Initialize containers	2026-03-13T15:35:25.3872485Z 5432/tcp -> [::]:5432
test	Initialize containers	2026-03-13T15:35:25.3927276Z ##[endgroup]
test	Initialize containers	2026-03-13T15:35:25.3928460Z ##[group]Starting redis service container
test	Initialize containers	2026-03-13T15:35:25.3929601Z ##[command]/usr/bin/docker pull redis:7
test	Initialize containers	2026-03-13T15:35:25.8250438Z 7: Pulling from library/redis
test	Initialize containers	2026-03-13T15:35:25.9547879Z 84a2afebaf4d: Pulling fs layer
test	Initialize containers	2026-03-13T15:35:25.9550185Z 68bef8a2321a: Pulling fs layer
test	Initialize containers	2026-03-13T15:35:25.9550678Z dc35057c3d27: Pulling fs layer
test	Initialize containers	2026-03-13T15:35:25.9551149Z 762d5b1c0ef7: Pulling fs layer
test	Initialize containers	2026-03-13T15:35:25.9551687Z 1196a886e941: Pulling fs layer
test	Initialize containers	2026-03-13T15:35:25.9552027Z 96afa962f1ac: Pulling fs layer
test	Initialize containers	2026-03-13T15:35:25.9552387Z 4f4fb700ef54: Pulling fs layer
test	Initialize containers	2026-03-13T15:35:25.9552768Z 6475cc3afbe1: Pulling fs layer
test	Initialize containers	2026-03-13T15:35:25.9553141Z 1196a886e941: Waiting
test	Initialize containers	2026-03-13T15:35:25.9554910Z 96afa962f1ac: Waiting
test	Initialize containers	2026-03-13T15:35:25.9555247Z 4f4fb700ef54: Waiting
test	Initialize containers	2026-03-13T15:35:25.9555567Z 6475cc3afbe1: Waiting
test	Initialize containers	2026-03-13T15:35:25.9555876Z 762d5b1c0ef7: Waiting
test	Initialize containers	2026-03-13T15:35:26.0742127Z dc35057c3d27: Verifying Checksum
test	Initialize containers	2026-03-13T15:35:26.0742732Z dc35057c3d27: Download complete
test	Initialize containers	2026-03-13T15:35:26.0803918Z 68bef8a2321a: Verifying Checksum
test	Initialize containers	2026-03-13T15:35:26.0804399Z 68bef8a2321a: Download complete
test	Initialize containers	2026-03-13T15:35:26.1998298Z 762d5b1c0ef7: Verifying Checksum
test	Initialize containers	2026-03-13T15:35:26.2000373Z 762d5b1c0ef7: Download complete
test	Initialize containers	2026-03-13T15:35:26.2127802Z 84a2afebaf4d: Verifying Checksum
test	Initialize containers	2026-03-13T15:35:26.2129027Z 84a2afebaf4d: Download complete
test	Initialize containers	2026-03-13T15:35:26.2597577Z 1196a886e941: Verifying Checksum
test	Initialize containers	2026-03-13T15:35:26.2598672Z 1196a886e941: Download complete
test	Initialize containers	2026-03-13T15:35:26.3039701Z 96afa962f1ac: Verifying Checksum
test	Initialize containers	2026-03-13T15:35:26.3040317Z 96afa962f1ac: Download complete
test	Initialize containers	2026-03-13T15:35:26.3360646Z 4f4fb700ef54: Verifying Checksum
test	Initialize containers	2026-03-13T15:35:26.3362179Z 4f4fb700ef54: Download complete
test	Initialize containers	2026-03-13T15:35:26.3525970Z 6475cc3afbe1: Verifying Checksum
test	Initialize containers	2026-03-13T15:35:26.3526503Z 6475cc3afbe1: Download complete
test	Initialize containers	2026-03-13T15:35:27.4104783Z 84a2afebaf4d: Pull complete
test	Initialize containers	2026-03-13T15:35:27.5047692Z 68bef8a2321a: Pull complete
test	Initialize containers	2026-03-13T15:35:27.5262467Z dc35057c3d27: Pull complete
test	Initialize containers	2026-03-13T15:35:27.5684650Z 762d5b1c0ef7: Pull complete
test	Initialize containers	2026-03-13T15:35:27.7924446Z 1196a886e941: Pull complete
test	Initialize containers	2026-03-13T15:35:27.8002047Z 96afa962f1ac: Pull complete
test	Initialize containers	2026-03-13T15:35:27.8080449Z 4f4fb700ef54: Pull complete
test	Initialize containers	2026-03-13T15:35:27.8173824Z 6475cc3afbe1: Pull complete
test	Initialize containers	2026-03-13T15:35:27.8211707Z Digest: sha256:387977b505c656572e08163141edbfe89e6d2434316569a2bbeaae5cfeba388f
test	Initialize containers	2026-03-13T15:35:27.8222605Z Status: Downloaded newer image for redis:7
test	Initialize containers	2026-03-13T15:35:27.8243271Z docker.io/library/redis:7
test	Initialize containers	2026-03-13T15:35:27.8261792Z ##[command]/usr/bin/docker create --name d18181dca45647809226c15be8a040ac_redis7_139cc0 --label 9d3d65 --network github_network_bf0af984064b44dcab1d66e3e3c0c1cc --network-alias redis -p 6379:6379 --health-cmd "redis-cli ping" --health-interval 10s --health-timeout 5s --health-retries 5 -e GITHUB_ACTIONS=true -e CI=true redis:7
test	Initialize containers	2026-03-13T15:35:27.8520708Z cf926cc5c11b1ff3f0d90aecd777e27136f3557cf354f61d7d8952b20942c78a
test	Initialize containers	2026-03-13T15:35:27.8536089Z ##[command]/usr/bin/docker start cf926cc5c11b1ff3f0d90aecd777e27136f3557cf354f61d7d8952b20942c78a
test	Initialize containers	2026-03-13T15:35:27.9919792Z cf926cc5c11b1ff3f0d90aecd777e27136f3557cf354f61d7d8952b20942c78a
test	Initialize containers	2026-03-13T15:35:27.9935374Z ##[command]/usr/bin/docker ps --all --filter id=cf926cc5c11b1ff3f0d90aecd777e27136f3557cf354f61d7d8952b20942c78a --filter status=running --no-trunc --format "{{.ID}} {{.Status}}"
test	Initialize containers	2026-03-13T15:35:28.0067771Z cf926cc5c11b1ff3f0d90aecd777e27136f3557cf354f61d7d8952b20942c78a Up Less than a second (health: starting)
test	Initialize containers	2026-03-13T15:35:28.0083706Z ##[command]/usr/bin/docker port cf926cc5c11b1ff3f0d90aecd777e27136f3557cf354f61d7d8952b20942c78a
test	Initialize containers	2026-03-13T15:35:28.0211316Z 6379/tcp -> 0.0.0.0:6379
test	Initialize containers	2026-03-13T15:35:28.0212108Z 6379/tcp -> [::]:6379
test	Initialize containers	2026-03-13T15:35:28.0226553Z ##[endgroup]
test	Initialize containers	2026-03-13T15:35:28.0239411Z ##[group]Waiting for all services to be ready
test	Initialize containers	2026-03-13T15:35:28.0254104Z ##[command]/usr/bin/docker inspect --format="{{if .Config.Healthcheck}}{{print .State.Health.Status}}{{end}}" b105d1573bb199cb24e9fa177e88725e3873049a477115a77bfe9a4b8aafabe5
test	Initialize containers	2026-03-13T15:35:28.0378523Z starting
test	Initialize containers	2026-03-13T15:35:28.0401059Z postgres service is starting, waiting 2 seconds before checking again.
test	Initialize containers	2026-03-13T15:35:30.0409722Z ##[command]/usr/bin/docker inspect --format="{{if .Config.Healthcheck}}{{print .State.Health.Status}}{{end}}" b105d1573bb199cb24e9fa177e88725e3873049a477115a77bfe9a4b8aafabe5
test	Initialize containers	2026-03-13T15:35:30.0538707Z starting
test	Initialize containers	2026-03-13T15:35:30.0552705Z postgres service is starting, waiting 4 seconds before checking again.
test	Initialize containers	2026-03-13T15:35:34.2449087Z ##[command]/usr/bin/docker inspect --format="{{if .Config.Healthcheck}}{{print .State.Health.Status}}{{end}}" b105d1573bb199cb24e9fa177e88725e3873049a477115a77bfe9a4b8aafabe5
test	Initialize containers	2026-03-13T15:35:34.2577730Z starting
test	Initialize containers	2026-03-13T15:35:34.2592532Z postgres service is starting, waiting 7 seconds before checking again.
test	Initialize containers	2026-03-13T15:35:41.3567903Z ##[command]/usr/bin/docker inspect --format="{{if .Config.Healthcheck}}{{print .State.Health.Status}}{{end}}" b105d1573bb199cb24e9fa177e88725e3873049a477115a77bfe9a4b8aafabe5
test	Initialize containers	2026-03-13T15:35:41.3700321Z healthy
test	Initialize containers	2026-03-13T15:35:41.3720777Z postgres service is healthy.
test	Initialize containers	2026-03-13T15:35:41.3722363Z ##[command]/usr/bin/docker inspect --format="{{if .Config.Healthcheck}}{{print .State.Health.Status}}{{end}}" cf926cc5c11b1ff3f0d90aecd777e27136f3557cf354f61d7d8952b20942c78a
test	Initialize containers	2026-03-13T15:35:41.3846109Z healthy
test	Initialize containers	2026-03-13T15:35:41.3860470Z redis service is healthy.
test	Initialize containers	2026-03-13T15:35:41.3861139Z ##[endgroup]
test	Run actions/checkout@v4	﻿2026-03-13T15:35:41.4145401Z ##[group]Run actions/checkout@v4
test	Run actions/checkout@v4	2026-03-13T15:35:41.4145950Z with:
test	Run actions/checkout@v4	2026-03-13T15:35:41.4146158Z   repository: butteredstardust/specdrivr
test	Run actions/checkout@v4	2026-03-13T15:35:41.4146597Z   token: ***
test	Run actions/checkout@v4	2026-03-13T15:35:41.4146774Z   ssh-strict: true
test	Run actions/checkout@v4	2026-03-13T15:35:41.4146966Z   ssh-user: git
test	Run actions/checkout@v4	2026-03-13T15:35:41.4147148Z   persist-credentials: true
test	Run actions/checkout@v4	2026-03-13T15:35:41.4147361Z   clean: true
test	Run actions/checkout@v4	2026-03-13T15:35:41.4147544Z   sparse-checkout-cone-mode: true
test	Run actions/checkout@v4	2026-03-13T15:35:41.4147768Z   fetch-depth: 1
test	Run actions/checkout@v4	2026-03-13T15:35:41.4147940Z   fetch-tags: false
test	Run actions/checkout@v4	2026-03-13T15:35:41.4148113Z   show-progress: true
test	Run actions/checkout@v4	2026-03-13T15:35:41.4148292Z   lfs: false
test	Run actions/checkout@v4	2026-03-13T15:35:41.4148449Z   submodules: false
test	Run actions/checkout@v4	2026-03-13T15:35:41.4148630Z   set-safe-directory: true
test	Run actions/checkout@v4	2026-03-13T15:35:41.4149017Z env:
test	Run actions/checkout@v4	2026-03-13T15:35:41.4149219Z   NODE_OPTIONS: --dns-result-order=ipv4first
test	Run actions/checkout@v4	2026-03-13T15:35:41.4149472Z ##[endgroup]
test	Run actions/checkout@v4	2026-03-13T15:35:41.5283425Z Syncing repository: butteredstardust/specdrivr
test	Run actions/checkout@v4	2026-03-13T15:35:41.5284731Z ##[group]Getting Git version info
test	Run actions/checkout@v4	2026-03-13T15:35:41.5285168Z Working directory is '/home/runner/work/specdrivr/specdrivr'
test	Run actions/checkout@v4	2026-03-13T15:35:41.5285704Z [command]/usr/bin/git version
test	Run actions/checkout@v4	2026-03-13T15:35:41.6876407Z git version 2.53.0
test	Run actions/checkout@v4	2026-03-13T15:35:41.6923248Z ##[endgroup]
test	Run actions/checkout@v4	2026-03-13T15:35:41.6950525Z Temporarily overriding HOME='/home/runner/work/_temp/e85c58e4-c13c-4356-b12b-d953709102c0' before making global git config changes
test	Run actions/checkout@v4	2026-03-13T15:35:41.6951291Z Adding repository directory to the temporary git global config as a safe directory
test	Run actions/checkout@v4	2026-03-13T15:35:41.6956638Z [command]/usr/bin/git config --global --add safe.directory /home/runner/work/specdrivr/specdrivr
test	Run actions/checkout@v4	2026-03-13T15:35:41.7086192Z Deleting the contents of '/home/runner/work/specdrivr/specdrivr'
test	Run actions/checkout@v4	2026-03-13T15:35:41.7090366Z ##[group]Initializing the repository
test	Run actions/checkout@v4	2026-03-13T15:35:41.7095402Z [command]/usr/bin/git init /home/runner/work/specdrivr/specdrivr
test	Run actions/checkout@v4	2026-03-13T15:35:41.7845159Z hint: Using 'master' as the name for the initial branch. This default branch name
test	Run actions/checkout@v4	2026-03-13T15:35:41.7845916Z hint: will change to "main" in Git 3.0. To configure the initial branch name
test	Run actions/checkout@v4	2026-03-13T15:35:41.7846519Z hint: to use in all of your new repositories, which will suppress this warning,
test	Run actions/checkout@v4	2026-03-13T15:35:41.7846952Z hint: call:
test	Run actions/checkout@v4	2026-03-13T15:35:41.7847133Z hint:
test	Run actions/checkout@v4	2026-03-13T15:35:41.7847432Z hint: 	git config --global init.defaultBranch <name>
test	Run actions/checkout@v4	2026-03-13T15:35:41.7847773Z hint:
test	Run actions/checkout@v4	2026-03-13T15:35:41.7848089Z hint: Names commonly chosen instead of 'master' are 'main', 'trunk' and
test	Run actions/checkout@v4	2026-03-13T15:35:41.7848655Z hint: 'development'. The just-created branch can be renamed via this command:
test	Run actions/checkout@v4	2026-03-13T15:35:41.7849071Z hint:
test	Run actions/checkout@v4	2026-03-13T15:35:41.7849272Z hint: 	git branch -m <name>
test	Run actions/checkout@v4	2026-03-13T15:35:41.7849510Z hint:
test	Run actions/checkout@v4	2026-03-13T15:35:41.7849881Z hint: Disable this message with "git config set advice.defaultBranchName false"
test	Run actions/checkout@v4	2026-03-13T15:35:41.7899325Z Initialized empty Git repository in /home/runner/work/specdrivr/specdrivr/.git/
test	Run actions/checkout@v4	2026-03-13T15:35:41.7915089Z [command]/usr/bin/git remote add origin https://github.com/butteredstardust/specdrivr
test	Run actions/checkout@v4	2026-03-13T15:35:41.8033748Z ##[endgroup]
test	Run actions/checkout@v4	2026-03-13T15:35:41.8034402Z ##[group]Disabling automatic garbage collection
test	Run actions/checkout@v4	2026-03-13T15:35:41.8040632Z [command]/usr/bin/git config --local gc.auto 0
test	Run actions/checkout@v4	2026-03-13T15:35:41.8076509Z ##[endgroup]
test	Run actions/checkout@v4	2026-03-13T15:35:41.8077077Z ##[group]Setting up auth
test	Run actions/checkout@v4	2026-03-13T15:35:41.8085751Z [command]/usr/bin/git config --local --name-only --get-regexp core\.sshCommand
test	Run actions/checkout@v4	2026-03-13T15:35:41.8121840Z [command]/usr/bin/git submodule foreach --recursive sh -c "git config --local --name-only --get-regexp 'core\.sshCommand' && git config --local --unset-all 'core.sshCommand' || :"
test	Run actions/checkout@v4	2026-03-13T15:35:42.0681568Z [command]/usr/bin/git config --local --name-only --get-regexp http\.https\:\/\/github\.com\/\.extraheader
test	Run actions/checkout@v4	2026-03-13T15:35:42.0716576Z [command]/usr/bin/git submodule foreach --recursive sh -c "git config --local --name-only --get-regexp 'http\.https\:\/\/github\.com\/\.extraheader' && git config --local --unset-all 'http.https://github.com/.extraheader' || :"
test	Run actions/checkout@v4	2026-03-13T15:35:42.0957940Z [command]/usr/bin/git config --local --name-only --get-regexp ^includeIf\.gitdir:
test	Run actions/checkout@v4	2026-03-13T15:35:42.1002995Z [command]/usr/bin/git submodule foreach --recursive git config --local --show-origin --name-only --get-regexp remote.origin.url
test	Run actions/checkout@v4	2026-03-13T15:35:42.1248731Z [command]/usr/bin/git config --local http.https://github.com/.extraheader AUTHORIZATION: basic ***
test	Run actions/checkout@v4	2026-03-13T15:35:42.1286737Z ##[endgroup]
test	Run actions/checkout@v4	2026-03-13T15:35:42.1287338Z ##[group]Fetching the repository
test	Run actions/checkout@v4	2026-03-13T15:35:42.1295456Z [command]/usr/bin/git -c protocol.version=2 fetch --no-tags --prune --no-recurse-submodules --depth=1 origin +777a2a8bee3ec636496095f667319d88de4948d8:refs/remotes/origin/main
test	Run actions/checkout@v4	2026-03-13T15:35:42.8041888Z From https://github.com/butteredstardust/specdrivr
test	Run actions/checkout@v4	2026-03-13T15:35:42.8042742Z  * [new ref]         777a2a8bee3ec636496095f667319d88de4948d8 -> origin/main
test	Run actions/checkout@v4	2026-03-13T15:35:42.8140106Z ##[endgroup]
test	Run actions/checkout@v4	2026-03-13T15:35:42.8140705Z ##[group]Determining the checkout info
test	Run actions/checkout@v4	2026-03-13T15:35:42.8141730Z ##[endgroup]
test	Run actions/checkout@v4	2026-03-13T15:35:42.8147076Z [command]/usr/bin/git sparse-checkout disable
test	Run actions/checkout@v4	2026-03-13T15:35:42.8252228Z [command]/usr/bin/git config --local --unset-all extensions.worktreeConfig
test	Run actions/checkout@v4	2026-03-13T15:35:42.8279606Z ##[group]Checking out the ref
test	Run actions/checkout@v4	2026-03-13T15:35:42.8283945Z [command]/usr/bin/git checkout --progress --force -B main refs/remotes/origin/main
test	Run actions/checkout@v4	2026-03-13T15:35:42.8568399Z Switched to a new branch 'main'
test	Run actions/checkout@v4	2026-03-13T15:35:42.8570988Z branch 'main' set up to track 'origin/main'.
test	Run actions/checkout@v4	2026-03-13T15:35:42.8578784Z ##[endgroup]
test	Run actions/checkout@v4	2026-03-13T15:35:42.8618532Z [command]/usr/bin/git log -1 --format=%H
test	Run actions/checkout@v4	2026-03-13T15:35:42.8642164Z 777a2a8bee3ec636496095f667319d88de4948d8
test	Setup pnpm	﻿2026-03-13T15:35:42.8859032Z ##[group]Run pnpm/action-setup@v4
test	Setup pnpm	2026-03-13T15:35:42.8859469Z with:
test	Setup pnpm	2026-03-13T15:35:42.8859633Z   version: 9
test	Setup pnpm	2026-03-13T15:35:42.8859802Z   dest: ~/setup-pnpm
test	Setup pnpm	2026-03-13T15:35:42.8859991Z   run_install: null
test	Setup pnpm	2026-03-13T15:35:42.8860167Z   cache: false
test	Setup pnpm	2026-03-13T15:35:42.8860358Z   cache_dependency_path: pnpm-lock.yaml
test	Setup pnpm	2026-03-13T15:35:42.8860622Z   package_json_file: package.json
test	Setup pnpm	2026-03-13T15:35:42.8860839Z   standalone: false
test	Setup pnpm	2026-03-13T15:35:42.8861008Z env:
test	Setup pnpm	2026-03-13T15:35:42.8861193Z   NODE_OPTIONS: --dns-result-order=ipv4first
test	Setup pnpm	2026-03-13T15:35:42.8861691Z ##[endgroup]
test	Setup pnpm	2026-03-13T15:35:43.0346668Z ##[group]Running self-installer...
test	Setup pnpm	2026-03-13T15:35:43.4490860Z (node:2963) [DEP0169] DeprecationWarning: `url.parse()` behavior is not standardized and prone to errors that have security implications. Use the WHATWG URL API instead. CVEs are not issued for `url.parse()` vulnerabilities.
test	Setup pnpm	2026-03-13T15:35:43.4493043Z (Use `node --trace-deprecation ...` to show where the warning was created)
test	Setup pnpm	2026-03-13T15:35:43.5603785Z Progress: resolved 1, reused 0, downloaded 0, added 0
test	Setup pnpm	2026-03-13T15:35:43.5697851Z Packages: +1
test	Setup pnpm	2026-03-13T15:35:43.5698276Z +
test	Setup pnpm	2026-03-13T15:35:44.0075452Z Progress: resolved 1, reused 0, downloaded 1, added 1, done
test	Setup pnpm	2026-03-13T15:35:44.0322384Z 
test	Setup pnpm	2026-03-13T15:35:44.0322964Z dependencies:
test	Setup pnpm	2026-03-13T15:35:44.0323340Z + pnpm 9.15.9 (10.32.1 is available)
test	Setup pnpm	2026-03-13T15:35:44.0323533Z 
test	Setup pnpm	2026-03-13T15:35:44.0347327Z Done in 829ms
test	Setup pnpm	2026-03-13T15:35:44.0534992Z ##[endgroup]
test	Setup pnpm	2026-03-13T15:35:44.0535428Z Installation Completed!
test	Setup Node.js	﻿2026-03-13T15:35:44.0699674Z ##[group]Run actions/setup-node@v4
test	Setup Node.js	2026-03-13T15:35:44.0699940Z with:
test	Setup Node.js	2026-03-13T15:35:44.0700112Z   node-version: 20
test	Setup Node.js	2026-03-13T15:35:44.0700289Z   cache: pnpm
test	Setup Node.js	2026-03-13T15:35:44.0700464Z   always-auth: false
test	Setup Node.js	2026-03-13T15:35:44.0700647Z   check-latest: false
test	Setup Node.js	2026-03-13T15:35:44.0700964Z   token: ***
test	Setup Node.js	2026-03-13T15:35:44.0701132Z env:
test	Setup Node.js	2026-03-13T15:35:44.0701315Z   NODE_OPTIONS: --dns-result-order=ipv4first
test	Setup Node.js	2026-03-13T15:35:44.0701942Z   PNPM_HOME: /home/runner/setup-pnpm/node_modules/.bin
test	Setup Node.js	2026-03-13T15:35:44.0702233Z ##[endgroup]
test	Setup Node.js	2026-03-13T15:35:44.3121251Z Found in cache @ /opt/hostedtoolcache/node/20.20.0/x64
test	Setup Node.js	2026-03-13T15:35:44.3132770Z ##[group]Environment details
test	Setup Node.js	2026-03-13T15:35:47.3857535Z node: v20.20.0
test	Setup Node.js	2026-03-13T15:35:47.3857809Z npm: 10.8.2
test	Setup Node.js	2026-03-13T15:35:47.3857976Z yarn: 1.22.22
test	Setup Node.js	2026-03-13T15:35:47.3858929Z ##[endgroup]
test	Setup Node.js	2026-03-13T15:35:47.3884950Z [command]/home/runner/setup-pnpm/node_modules/.bin/pnpm store path --silent
test	Setup Node.js	2026-03-13T15:35:47.9930305Z /home/runner/setup-pnpm/node_modules/.bin/store/v3
test	Setup Node.js	2026-03-13T15:35:48.1756232Z Cache hit for: node-cache-Linux-x64-pnpm-bef01010d62c8d9cad7c30f47931e3d68946c19690dba3e525d5e201eae8bbf8
test	Setup Node.js	2026-03-13T15:35:49.3698569Z Received 134217728 of 304537006 (44.1%), 121.9 MBs/sec
test	Setup Node.js	2026-03-13T15:35:50.2497291Z Received 304537006 of 304537006 (100.0%), 150.5 MBs/sec
test	Setup Node.js	2026-03-13T15:35:50.2498759Z Cache Size: ~290 MB (304537006 B)
test	Setup Node.js	2026-03-13T15:35:50.2619294Z [command]/usr/bin/tar -xf /home/runner/work/_temp/0f86ce67-6b38-42ac-b1fb-4218cfa63cd8/cache.tzst -P -C /home/runner/work/specdrivr/specdrivr --use-compress-program unzstd
test	Setup Node.js	2026-03-13T15:35:53.9186205Z Cache restored successfully
test	Setup Node.js	2026-03-13T15:35:53.9823997Z Cache restored from key: node-cache-Linux-x64-pnpm-bef01010d62c8d9cad7c30f47931e3d68946c19690dba3e525d5e201eae8bbf8
test	Check for forbidden artifacts	﻿2026-03-13T15:35:53.9989515Z ##[group]Run if [ -f "fix-tsc.sh" ] || [ -f "fix-lint2.sh" ] || ls fix-*.mjs 1> /dev/null 2>&1; then
test	Check for forbidden artifacts	2026-03-13T15:35:53.9990178Z [36;1mif [ -f "fix-tsc.sh" ] || [ -f "fix-lint2.sh" ] || ls fix-*.mjs 1> /dev/null 2>&1; then[0m
test	Check for forbidden artifacts	2026-03-13T15:35:53.9990636Z [36;1m  echo "Error: Temporary fix scripts found."[0m
test	Check for forbidden artifacts	2026-03-13T15:35:53.9990922Z [36;1m  exit 1[0m
test	Check for forbidden artifacts	2026-03-13T15:35:53.9991104Z [36;1mfi[0m
test	Check for forbidden artifacts	2026-03-13T15:35:54.0049331Z shell: /usr/bin/bash -e {0}
test	Check for forbidden artifacts	2026-03-13T15:35:54.0049590Z env:
test	Check for forbidden artifacts	2026-03-13T15:35:54.0049800Z   NODE_OPTIONS: --dns-result-order=ipv4first
test	Check for forbidden artifacts	2026-03-13T15:35:54.0050134Z   PNPM_HOME: /home/runner/setup-pnpm/node_modules/.bin
test	Check for forbidden artifacts	2026-03-13T15:35:54.0050435Z ##[endgroup]
test	Install dependencies	﻿2026-03-13T15:35:54.0191852Z ##[group]Run pnpm install --frozen-lockfile
test	Install dependencies	2026-03-13T15:35:54.0192259Z [36;1mpnpm install --frozen-lockfile[0m
test	Install dependencies	2026-03-13T15:35:54.0239633Z shell: /usr/bin/bash -e {0}
test	Install dependencies	2026-03-13T15:35:54.0239880Z env:
test	Install dependencies	2026-03-13T15:35:54.0240083Z   NODE_OPTIONS: --dns-result-order=ipv4first
test	Install dependencies	2026-03-13T15:35:54.0240414Z   PNPM_HOME: /home/runner/setup-pnpm/node_modules/.bin
test	Install dependencies	2026-03-13T15:35:54.0240702Z ##[endgroup]
test	Install dependencies	2026-03-13T15:35:54.4955092Z Lockfile is up to date, resolution step is skipped
test	Install dependencies	2026-03-13T15:35:54.6193009Z Progress: resolved 1, reused 0, downloaded 0, added 0
test	Install dependencies	2026-03-13T15:35:54.8464319Z Packages: +1204
test	Install dependencies	2026-03-13T15:35:54.8468326Z ++++++++++++++++++++++++++++++++++++++++++++++++++++++++++++++++++++++++++++++++
test	Install dependencies	2026-03-13T15:35:55.6203343Z Progress: resolved 1204, reused 1155, downloaded 0, added 0
test	Install dependencies	2026-03-13T15:35:56.6213017Z Progress: resolved 1204, reused 1204, downloaded 0, added 635
test	Install dependencies	2026-03-13T15:35:57.0950285Z Progress: resolved 1204, reused 1204, downloaded 0, added 1204, done
test	Install dependencies	2026-03-13T15:35:58.3065478Z 
test	Install dependencies	2026-03-13T15:35:58.3066146Z dependencies:
test	Install dependencies	2026-03-13T15:35:58.3066926Z + @base-ui/react 1.2.0
test	Install dependencies	2026-03-13T15:35:58.3067439Z + @better-auth/drizzle-adapter 1.5.4
test	Install dependencies	2026-03-13T15:35:58.3067928Z + @dnd-kit/core 6.3.1
test	Install dependencies	2026-03-13T15:35:58.3068354Z + @dnd-kit/sortable 10.0.0
test	Install dependencies	2026-03-13T15:35:58.3068803Z + @dnd-kit/utilities 3.2.2
test	Install dependencies	2026-03-13T15:35:58.3069236Z + @hookform/resolvers 5.2.2
test	Install dependencies	2026-03-13T15:35:58.3069730Z + @next/eslint-plugin-next 16.1.6
test	Install dependencies	2026-03-13T15:35:58.3070211Z + @noble/hashes 2.0.1
test	Install dependencies	2026-03-13T15:35:58.3070614Z + @octokit/rest 22.0.1
test	Install dependencies	2026-03-13T15:35:58.3071012Z + @pxlkit/core 1.0.1
test	Install dependencies	2026-03-13T15:35:58.3071658Z + @pxlkit/effects 1.0.1
test	Install dependencies	2026-03-13T15:35:58.3072118Z + @pxlkit/feedback 1.0.1
test	Install dependencies	2026-03-13T15:35:58.3072486Z + @pxlkit/gamification 1.0.1
test	Install dependencies	2026-03-13T15:35:58.3072749Z + @pxlkit/social 1.0.1
test	Install dependencies	2026-03-13T15:35:58.3073067Z + @pxlkit/ui 1.0.1
test	Install dependencies	2026-03-13T15:35:58.3073433Z + @pxlkit/ui-kit 1.0.5
test	Install dependencies	2026-03-13T15:35:58.3073808Z + @pxlkit/weather 1.0.1
test	Install dependencies	2026-03-13T15:35:58.3074325Z + @radix-ui/react-avatar 1.1.11
test	Install dependencies	2026-03-13T15:35:58.3074870Z + @radix-ui/react-dropdown-menu 2.1.16
test	Install dependencies	2026-03-13T15:35:58.3075410Z + @radix-ui/react-icons 1.3.2
test	Install dependencies	2026-03-13T15:35:58.3075887Z + @radix-ui/react-label 2.1.8
test	Install dependencies	2026-03-13T15:35:58.3076399Z + @radix-ui/react-progress 1.1.8
test	Install dependencies	2026-03-13T15:35:58.3076915Z + @radix-ui/react-separator 1.1.8
test	Install dependencies	2026-03-13T15:35:58.3077516Z + @radix-ui/react-slot 1.2.4
test	Install dependencies	2026-03-13T15:35:58.3077975Z + @tailwindcss/postcss 4.2.1
test	Install dependencies	2026-03-13T15:35:58.3078415Z + @types/dompurify 3.2.0
test	Install dependencies	2026-03-13T15:35:58.3078854Z + @uiw/react-md-editor 4.0.11
test	Install dependencies	2026-03-13T15:35:58.3079288Z + @upstash/ratelimit 2.0.8
test	Install dependencies	2026-03-13T15:35:58.3079691Z + @upstash/redis 1.36.3
test	Install dependencies	2026-03-13T15:35:58.3080061Z + ansi-to-html 0.7.2
test	Install dependencies	2026-03-13T15:35:58.3080386Z + bcryptjs 3.0.3
test	Install dependencies	2026-03-13T15:35:58.3080803Z + class-variance-authority 0.7.1
test	Install dependencies	2026-03-13T15:35:58.3081261Z + clsx 2.1.1
test	Install dependencies	2026-03-13T15:35:58.3081828Z + dompurify 3.3.2
test	Install dependencies	2026-03-13T15:35:58.3082187Z + dotenv 16.6.1
test	Install dependencies	2026-03-13T15:35:58.3082519Z + drizzle-orm 0.45.1
test	Install dependencies	2026-03-13T15:35:58.3082880Z + ioredis 5.10.0
test	Install dependencies	2026-03-13T15:35:58.3083242Z + isomorphic-dompurify 3.0.0
test	Install dependencies	2026-03-13T15:35:58.3083647Z + lucide-react 0.577.0
test	Install dependencies	2026-03-13T15:35:58.3083968Z + nanoid 5.1.6
test	Install dependencies	2026-03-13T15:35:58.3084262Z + next 16.1.6
test	Install dependencies	2026-03-13T15:35:58.3084600Z + next-remove-imports 1.0.12
test	Install dependencies	2026-03-13T15:35:58.3085016Z + next-themes 0.4.6
test	Install dependencies	2026-03-13T15:35:58.3085362Z + pg 8.20.0
test	Install dependencies	2026-03-13T15:35:58.3085686Z + pino 10.3.1
test	Install dependencies	2026-03-13T15:35:58.3086051Z + pino-pretty 13.1.3
test	Install dependencies	2026-03-13T15:35:58.3086422Z + postgres 3.4.8
test	Install dependencies	2026-03-13T15:35:58.3086767Z + react 19.2.4
test	Install dependencies	2026-03-13T15:35:58.3087134Z + react-dom 19.2.4
test	Install dependencies	2026-03-13T15:35:58.3087531Z + react-hook-form 7.71.2
test	Install dependencies	2026-03-13T15:35:58.3087968Z + rehype-sanitize 6.0.0
test	Install dependencies	2026-03-13T15:35:58.3088349Z + resend 6.9.3
test	Install dependencies	2026-03-13T15:35:58.3088719Z + server-only 0.0.1
test	Install dependencies	2026-03-13T15:35:58.3089073Z + shiki 4.0.2
test	Install dependencies	2026-03-13T15:35:58.3089394Z + sonner 2.0.7
test	Install dependencies	2026-03-13T15:35:58.3089749Z + tailwind-merge 3.5.0
test	Install dependencies	2026-03-13T15:35:58.3090137Z + ts-morph 27.0.2
test	Install dependencies	2026-03-13T15:35:58.3090915Z + tw-animate-css 1.4.0
test	Install dependencies	2026-03-13T15:35:58.3091888Z + typescript-eslint 8.56.1
test	Install dependencies	2026-03-13T15:35:58.3092301Z + zod 3.25.76
test	Install dependencies	2026-03-13T15:35:58.3092517Z 
test	Install dependencies	2026-03-13T15:35:58.3092672Z devDependencies:
test	Install dependencies	2026-03-13T15:35:58.3093066Z + @eslint/eslintrc 3.3.5
test	Install dependencies	2026-03-13T15:35:58.3093490Z + @faker-js/faker 10.3.0
test	Install dependencies	2026-03-13T15:35:58.3093902Z + @playwright/test 1.58.2
test	Install dependencies	2026-03-13T15:35:58.3094353Z + @testing-library/dom 10.4.1
test	Install dependencies	2026-03-13T15:35:58.3094884Z + @testing-library/jest-dom 6.9.1
test	Install dependencies	2026-03-13T15:35:58.3095412Z + @testing-library/react 16.3.2
test	Install dependencies	2026-03-13T15:35:58.3095860Z + @types/bcryptjs 2.4.6
test	Install dependencies	2026-03-13T15:35:58.3096274Z + @types/node 20.19.37
test	Install dependencies	2026-03-13T15:35:58.3096670Z + @types/react 19.2.14
test	Install dependencies	2026-03-13T15:35:58.3097066Z + @types/react-dom 19.2.3
test	Install dependencies	2026-03-13T15:35:58.3097492Z + @vitejs/plugin-react 5.1.4
test	Install dependencies	2026-03-13T15:35:58.3097936Z + @vitest/ui 4.0.18
test	Install dependencies	2026-03-13T15:35:58.3098320Z + autoprefixer 10.4.27
test	Install dependencies	2026-03-13T15:35:58.3098721Z + better-auth 1.5.5
test	Install dependencies	2026-03-13T15:35:58.3099098Z + drizzle-kit 0.31.9
test	Install dependencies	2026-03-13T15:35:58.3099481Z + eslint 9.39.4
test	Install dependencies	2026-03-13T15:35:58.3099864Z + eslint-config-next 16.1.6
test	Install dependencies	2026-03-13T15:35:58.3100313Z + eslint-plugin-react 7.37.5
test	Install dependencies	2026-03-13T15:35:58.3100831Z + eslint-plugin-react-hooks 7.0.1
test	Install dependencies	2026-03-13T15:35:58.3101276Z + husky 9.1.7
test	Install dependencies	2026-03-13T15:35:58.3101788Z + jsdom 28.1.0
test	Install dependencies	2026-03-13T15:35:58.3102122Z + knip 5.86.0
test	Install dependencies	2026-03-13T15:35:58.3102464Z + lint-staged 16.3.3
test	Install dependencies	2026-03-13T15:35:58.3102827Z + postcss 8.5.8
test	Install dependencies	2026-03-13T15:35:58.3103156Z + shadcn 4.0.2
test	Install dependencies	2026-03-13T15:35:58.3103523Z + tailwindcss 4.2.1
test	Install dependencies	2026-03-13T15:35:58.3103854Z + tsx 4.21.0
test	Install dependencies	2026-03-13T15:35:58.3104198Z + typescript 5.9.3
test	Install dependencies	2026-03-13T15:35:58.3104537Z + vitest 4.0.18
test	Install dependencies	2026-03-13T15:35:58.3104734Z 
test	Install dependencies	2026-03-13T15:35:58.3516346Z 
test	Install dependencies	2026-03-13T15:35:58.3517273Z > specdrivr@0.1.0 prepare /home/runner/work/specdrivr/specdrivr
test	Install dependencies	2026-03-13T15:35:58.3517936Z > husky
test	Install dependencies	2026-03-13T15:35:58.3518130Z 
test	Install dependencies	2026-03-13T15:35:58.4289034Z Done in 4.3s using pnpm v9.15.9
test	Verify hook integrity	﻿2026-03-13T15:35:58.4549287Z ##[group]Run # Verify that hooks are configured correctly even if local hooks were bypassed
test	Verify hook integrity	2026-03-13T15:35:58.4549954Z [36;1m# Verify that hooks are configured correctly even if local hooks were bypassed[0m
test	Verify hook integrity	2026-03-13T15:35:58.4550488Z [36;1m# This ensures our quality checks run in CI even if local checks are bypassed[0m
test	Verify hook integrity	2026-03-13T15:35:58.4550923Z [36;1mnode scripts/verify-hooks.js verify[0m
test	Verify hook integrity	2026-03-13T15:35:58.4551227Z [36;1mnode scripts/verify-hooks.js check-git[0m
test	Verify hook integrity	2026-03-13T15:35:58.4551773Z [36;1mecho "✓ Hook integrity verified"[0m
test	Verify hook integrity	2026-03-13T15:35:58.4600536Z shell: /usr/bin/bash -e {0}
test	Verify hook integrity	2026-03-13T15:35:58.4600788Z env:
test	Verify hook integrity	2026-03-13T15:35:58.4600998Z   NODE_OPTIONS: --dns-result-order=ipv4first
test	Verify hook integrity	2026-03-13T15:35:58.4601328Z   PNPM_HOME: /home/runner/setup-pnpm/node_modules/.bin
test	Verify hook integrity	2026-03-13T15:35:58.4601893Z ##[endgroup]
test	Verify hook integrity	2026-03-13T15:35:58.4996319Z Verifying hook integrity...
test	Verify hook integrity	2026-03-13T15:35:58.4996819Z 
test	Verify hook integrity	2026-03-13T15:35:58.5008377Z   ✗ pre-push: CHECKSUM MISMATCH!
test	Verify hook integrity	2026-03-13T15:35:58.5009347Z     Expected: 80586afc21a2f77c9367861bfee8b0d4cf248baab2a48b763b71876a203c81e6
test	Verify hook integrity	2026-03-13T15:35:58.5010504Z     Actual:   a89882316837a5b85013d64cb98c95f5588570d8aae12c87d89c7e12608755dc
test	Verify hook integrity	2026-03-13T15:35:58.5011966Z   ✗ pre-commit: CHECKSUM MISMATCH!
test	Verify hook integrity	2026-03-13T15:35:58.5012806Z     Expected: 83109c2cd82b6206f6a1d348d13919adf5d0d2706ca0c9809dee28d7115134b4
test	Verify hook integrity	2026-03-13T15:35:58.5013866Z     Actual:   20b9852d0701c2109ae0902146ddead3e395102888b095cae41e94d3af0c38ec
test	Verify hook integrity	2026-03-13T15:35:58.5014424Z 
test	Verify hook integrity	2026-03-13T15:35:58.5014835Z ❌ Hook integrity check FAILED!
test	Verify hook integrity	2026-03-13T15:35:58.5015135Z 
test	Verify hook integrity	2026-03-13T15:35:58.5015582Z ⚠️  WARNING: Hook files have been modified.
test	Verify hook integrity	2026-03-13T15:35:58.5016438Z This could indicate:
test	Verify hook integrity	2026-03-13T15:35:58.5017075Z   1. Legitimate hook updates (run generate to update checksums)
test	Verify hook integrity	2026-03-13T15:35:58.5017885Z   2. Unauthorized modification or tampering
test	Verify hook integrity	2026-03-13T15:35:58.5018529Z   3. Filesystem corruption or git checkout issues
test	Verify hook integrity	2026-03-13T15:35:58.5065837Z ##[error]Process completed with exit code 1.
test	Post Setup pnpm	﻿2026-03-13T15:35:58.5166659Z Post job cleanup.
test	Post Setup pnpm	2026-03-13T15:35:58.6606118Z Pruning is unnecessary.
test	Post Run actions/checkout@v4	﻿2026-03-13T15:35:58.6736642Z Post job cleanup.
test	Post Run actions/checkout@v4	2026-03-13T15:35:58.7711910Z [command]/usr/bin/git version
test	Post Run actions/checkout@v4	2026-03-13T15:35:58.7750088Z git version 2.53.0
test	Post Run actions/checkout@v4	2026-03-13T15:35:58.7793962Z Temporarily overriding HOME='/home/runner/work/_temp/d2096792-d9e4-4e84-b521-08014775b6c9' before making global git config changes
test	Post Run actions/checkout@v4	2026-03-13T15:35:58.7795473Z Adding repository directory to the temporary git global config as a safe directory
test	Post Run actions/checkout@v4	2026-03-13T15:35:58.7807776Z [command]/usr/bin/git config --global --add safe.directory /home/runner/work/specdrivr/specdrivr
test	Post Run actions/checkout@v4	2026-03-13T15:35:58.7844513Z [command]/usr/bin/git config --local --name-only --get-regexp core\.sshCommand
test	Post Run actions/checkout@v4	2026-03-13T15:35:58.7879792Z [command]/usr/bin/git submodule foreach --recursive sh -c "git config --local --name-only --get-regexp 'core\.sshCommand' && git config --local --unset-all 'core.sshCommand' || :"
test	Post Run actions/checkout@v4	2026-03-13T15:35:58.8191179Z [command]/usr/bin/git config --local --name-only --get-regexp http\.https\:\/\/github\.com\/\.extraheader
test	Post Run actions/checkout@v4	2026-03-13T15:35:58.8218138Z http.https://github.com/.extraheader
test	Post Run actions/checkout@v4	2026-03-13T15:35:58.8235952Z [command]/usr/bin/git config --local --unset-all http.https://github.com/.extraheader
test	Post Run actions/checkout@v4	2026-03-13T15:35:58.8275865Z [command]/usr/bin/git submodule foreach --recursive sh -c "git config --local --name-only --get-regexp 'http\.https\:\/\/github\.com\/\.extraheader' && git config --local --unset-all 'http.https://github.com/.extraheader' || :"
test	Post Run actions/checkout@v4	2026-03-13T15:35:58.8540110Z [command]/usr/bin/git config --local --name-only --get-regexp ^includeIf\.gitdir:
test	Post Run actions/checkout@v4	2026-03-13T15:35:58.8578338Z [command]/usr/bin/git submodule foreach --recursive git config --local --show-origin --name-only --get-regexp remote.origin.url
test	Stop containers	﻿2026-03-13T15:35:58.8953989Z Print service container logs: f69fafca947642e4968c15a91aa6abe6_postgres15_9facd2
test	Stop containers	2026-03-13T15:35:58.8958510Z ##[command]/usr/bin/docker logs --details b105d1573bb199cb24e9fa177e88725e3873049a477115a77bfe9a4b8aafabe5
test	Stop containers	2026-03-13T15:35:58.9113186Z  The files belonging to this database system will be owned by user "postgres".
test	Stop containers	2026-03-13T15:35:58.9113959Z  This user must also own the server process.
test	Stop containers	2026-03-13T15:35:58.9114379Z  
test	Stop containers	2026-03-13T15:35:58.9115263Z  The database cluster will be initialized with locale "en_US.utf8".
test	Stop containers	2026-03-13T15:35:58.9116040Z  The default database encoding has accordingly been set to "UTF8".
test	Stop containers	2026-03-13T15:35:58.9116738Z  The default text search configuration will be set to "english".
test	Stop containers	2026-03-13T15:35:58.9117257Z  
test	Stop containers	2026-03-13T15:35:58.9118109Z  Data page checksums are disabled.
test	Stop containers	2026-03-13T15:35:58.9119164Z  
test	Stop containers	2026-03-13T15:35:58.9119664Z  fixing permissions on existing directory /var/lib/postgresql/data ... ok
test	Stop containers	2026-03-13T15:35:58.9120327Z  creating subdirectories ... ok
test	Stop containers	2026-03-13T15:35:58.9120913Z  selecting dynamic shared memory implementation ... posix
test	Stop containers	2026-03-13T15:35:58.9121660Z  selecting default max_connections ... 100
test	Stop containers	2026-03-13T15:35:58.9122155Z  selecting default shared_buffers ... 128MB
test	Stop containers	2026-03-13T15:35:58.9122649Z  selecting default time zone ... Etc/UTC
test	Stop containers	2026-03-13T15:35:58.9123087Z  creating configuration files ... ok
test	Stop containers	2026-03-13T15:35:58.9123507Z  running bootstrap script ... ok
test	Stop containers	2026-03-13T15:35:58.9123973Z  performing post-bootstrap initialization ... ok
test	Stop containers	2026-03-13T15:35:58.9124471Z  syncing data to disk ... ok
test	Stop containers	2026-03-13T15:35:58.9124824Z  
test	Stop containers	2026-03-13T15:35:58.9125065Z  
test	Stop containers	2026-03-13T15:35:58.9125419Z  Success. You can now start the database server using:
test	Stop containers	2026-03-13T15:35:58.9125898Z  
test	Stop containers	2026-03-13T15:35:58.9126249Z      pg_ctl -D /var/lib/postgresql/data -l logfile start
test	Stop containers	2026-03-13T15:35:58.9126723Z  
test	Stop containers	2026-03-13T15:35:58.9127758Z  waiting for server to start....2026-03-13 15:35:26.028 UTC [48] LOG:  starting PostgreSQL 15.17 (Debian 15.17-1.pgdg13+1) on x86_64-pc-linux-gnu, compiled by gcc (Debian 14.2.0-19) 14.2.0, 64-bit
test	Stop containers	2026-03-13T15:35:58.9130301Z  initdb: warning: enabling "trust" authentication for local connections
test	Stop containers	2026-03-13T15:35:58.9131632Z  initdb: hint: You can change this by editing pg_hba.conf or using the option -A, or --auth-local and --auth-host, the next time you run initdb.
test	Stop containers	2026-03-13T15:35:58.9133502Z  2026-03-13 15:35:26.402 UTC [1] LOG:  starting PostgreSQL 15.17 (Debian 15.17-1.pgdg13+1) on x86_64-pc-linux-gnu, compiled by gcc (Debian 14.2.0-19) 14.2.0, 64-bit
test	Stop containers	2026-03-13T15:35:58.9135364Z  2026-03-13 15:35:26.402 UTC [1] LOG:  listening on IPv4 address "0.0.0.0", port 5432
test	Stop containers	2026-03-13T15:35:58.9136155Z  2026-03-13 15:35:26.402 UTC [1] LOG:  listening on IPv6 address "::", port 5432
test	Stop containers	2026-03-13T15:35:58.9137043Z  2026-03-13 15:35:26.403 UTC [1] LOG:  listening on Unix socket "/var/run/postgresql/.s.PGSQL.5432"
test	Stop containers	2026-03-13T15:35:58.9137890Z  2026-03-13 15:35:26.408 UTC [64] LOG:  database system was shut down at 2026-03-13 15:35:26 UTC
test	Stop containers	2026-03-13T15:35:58.9138373Z  2026-03-13 15:35:26.414 UTC [1] LOG:  database system is ready to accept connections
test	Stop containers	2026-03-13T15:35:58.9138816Z  2026-03-13 15:35:35.412 UTC [76] FATAL:  role "root" does not exist
test	Stop containers	2026-03-13T15:35:58.9139200Z  2026-03-13 15:35:45.479 UTC [84] FATAL:  role "root" does not exist
test	Stop containers	2026-03-13T15:35:58.9139586Z  2026-03-13 15:35:55.563 UTC [91] FATAL:  role "root" does not exist
test	Stop containers	2026-03-13T15:35:58.9140057Z  2026-03-13 15:35:26.029 UTC [48] LOG:  listening on Unix socket "/var/run/postgresql/.s.PGSQL.5432"
test	Stop containers	2026-03-13T15:35:58.9140591Z  2026-03-13 15:35:26.032 UTC [51] LOG:  database system was shut down at 2026-03-13 15:35:25 UTC
test	Stop containers	2026-03-13T15:35:58.9141067Z  2026-03-13 15:35:26.037 UTC [48] LOG:  database system is ready to accept connections
test	Stop containers	2026-03-13T15:35:58.9141597Z   done
test	Stop containers	2026-03-13T15:35:58.9141845Z  server started
test	Stop containers	2026-03-13T15:35:58.9142029Z  CREATE DATABASE
test	Stop containers	2026-03-13T15:35:58.9142195Z  
test	Stop containers	2026-03-13T15:35:58.9142346Z  
test	Stop containers	2026-03-13T15:35:58.9142647Z  /usr/local/bin/docker-entrypoint.sh: ignoring /docker-entrypoint-initdb.d/*
test	Stop containers	2026-03-13T15:35:58.9143286Z  
test	Stop containers	2026-03-13T15:35:58.9143511Z  2026-03-13 15:35:26.273 UTC [48] LOG:  received fast shutdown request
test	Stop containers	2026-03-13T15:35:58.9144004Z  waiting for server to shut down....2026-03-13 15:35:26.274 UTC [48] LOG:  aborting any active transactions
test	Stop containers	2026-03-13T15:35:58.9144676Z  2026-03-13 15:35:26.277 UTC [48] LOG:  background worker "logical replication launcher" (PID 54) exited with exit code 1
test	Stop containers	2026-03-13T15:35:58.9145191Z  2026-03-13 15:35:26.279 UTC [49] LOG:  shutting down
test	Stop containers	2026-03-13T15:35:58.9145547Z  2026-03-13 15:35:26.279 UTC [49] LOG:  checkpoint starting: shutdown immediate
test	Stop containers	2026-03-13T15:35:58.9146500Z  2026-03-13 15:35:26.304 UTC [49] LOG:  checkpoint complete: wrote 922 buffers (5.6%); 0 WAL file(s) added, 0 removed, 0 recycled; write=0.022 s, sync=0.003 s, total=0.026 s; sync files=301, longest=0.001 s, average=0.001 s; distance=4239 kB, estimate=4239 kB
test	Stop containers	2026-03-13T15:35:58.9147423Z  2026-03-13 15:35:26.314 UTC [48] LOG:  database system is shut down
test	Stop containers	2026-03-13T15:35:58.9147732Z   done
test	Stop containers	2026-03-13T15:35:58.9147897Z  server stopped
test	Stop containers	2026-03-13T15:35:58.9148066Z  
test	Stop containers	2026-03-13T15:35:58.9148284Z  PostgreSQL init process complete; ready for start up.
test	Stop containers	2026-03-13T15:35:58.9148561Z  
test	Stop containers	2026-03-13T15:35:58.9154598Z Stop and remove container: f69fafca947642e4968c15a91aa6abe6_postgres15_9facd2
test	Stop containers	2026-03-13T15:35:58.9159842Z ##[command]/usr/bin/docker rm --force b105d1573bb199cb24e9fa177e88725e3873049a477115a77bfe9a4b8aafabe5
test	Stop containers	2026-03-13T15:36:01.5868736Z b105d1573bb199cb24e9fa177e88725e3873049a477115a77bfe9a4b8aafabe5
test	Stop containers	2026-03-13T15:36:01.5890000Z Print service container logs: d18181dca45647809226c15be8a040ac_redis7_139cc0
test	Stop containers	2026-03-13T15:36:01.5891364Z ##[command]/usr/bin/docker logs --details cf926cc5c11b1ff3f0d90aecd777e27136f3557cf354f61d7d8952b20942c78a
test	Stop containers	2026-03-13T15:36:01.6019235Z  1:C 13 Mar 2026 15:35:28.003 # WARNING Memory overcommit must be enabled! Without it, a background save or replication may fail under low memory condition. Being disabled, it can also cause failures without low memory condition, see https://github.com/jemalloc/jemalloc/issues/1328. To fix this issue add 'vm.overcommit_memory = 1' to /etc/sysctl.conf and then reboot or run the command 'sysctl vm.overcommit_memory=1' for this to take effect.
test	Stop containers	2026-03-13T15:36:01.6022726Z  1:C 13 Mar 2026 15:35:28.003 * oO0OoO0OoO0Oo Redis is starting oO0OoO0OoO0Oo
test	Stop containers	2026-03-13T15:36:01.6023599Z  1:C 13 Mar 2026 15:35:28.003 * Redis version=7.4.8, bits=64, commit=00000000, modified=0, pid=1, just started
test	Stop containers	2026-03-13T15:36:01.6024903Z  1:C 13 Mar 2026 15:35:28.003 # Warning: no config file specified, using the default config. In order to specify a config file use redis-server /path/to/redis.conf
test	Stop containers	2026-03-13T15:36:01.6026042Z  1:M 13 Mar 2026 15:35:28.003 * monotonic clock: POSIX clock_gettime
test	Stop containers	2026-03-13T15:36:01.6026675Z  1:M 13 Mar 2026 15:35:28.004 * Running mode=standalone, port=6379.
test	Stop containers	2026-03-13T15:36:01.6027220Z  1:M 13 Mar 2026 15:35:28.004 * Server initialized
test	Stop containers	2026-03-13T15:36:01.6027753Z  1:M 13 Mar 2026 15:35:28.004 * Ready to accept connections tcp
test	Stop containers	2026-03-13T15:36:01.6034258Z Stop and remove container: d18181dca45647809226c15be8a040ac_redis7_139cc0
test	Stop containers	2026-03-13T15:36:01.6035234Z ##[command]/usr/bin/docker rm --force cf926cc5c11b1ff3f0d90aecd777e27136f3557cf354f61d7d8952b20942c78a
test	Stop containers	2026-03-13T15:36:01.7155859Z cf926cc5c11b1ff3f0d90aecd777e27136f3557cf354f61d7d8952b20942c78a
test	Stop containers	2026-03-13T15:36:01.7183860Z Remove container network: github_network_bf0af984064b44dcab1d66e3e3c0c1cc
test	Stop containers	2026-03-13T15:36:01.7190089Z ##[command]/usr/bin/docker network rm github_network_bf0af984064b44dcab1d66e3e3c0c1cc
test	Stop containers	2026-03-13T15:36:01.8419683Z github_network_bf0af984064b44dcab1d66e3e3c0c1cc
test	Complete job	﻿2026-03-13T15:36:01.8481208Z Cleaning up orphan processes
test	Complete job	2026-03-13T15:36:01.8825601Z ##[warning]Node.js 20 actions are deprecated. The following actions are running on Node.js 20 and may not work as expected: actions/checkout@v4, actions/setup-node@v4. Actions will be forced to run with Node.js 24 by default starting June 2nd, 2026. Please check if updated versions of these actions are available that support Node.js 24. To opt into Node.js 24 now, set the FORCE_JAVASCRIPT_ACTIONS_TO_NODE24=true environment variable on the runner or in your workflow file. Once Node.js 24 becomes the default, you can temporarily opt out by setting ACTIONS_ALLOW_USE_UNSECURE_NODE_VERSION=true. For more information see: https://github.blog/changelog/2025-09-19-deprecation-of-node-20-on-github-actions-runners/
